
> pdfcraft@0.1.0 test
> vitest run src/__tests__/properties/tools.property.test.ts


[1m[7m[36m RUN [39m[27m[22m [36mv2.1.9 [39m[90mC:/Users/Hussein/OneDrive/Desktop/pdfcraft-main[39m

 [31mΓ¥»[39m src/__tests__/properties/tools.property.test.ts [2m([22m[2m18 tests[22m[2m | [22m[31m2 failed[39m[2m)[22m[33m 1083[2mms[22m[39m
[31m   [31m├ù[31m Tool Configuration Property Tests[2m > [22mProperty 12: Related Tools Definition[2m > [22mall related tool IDs reference existing tools[90m 17[2mms[22m[31m[39m
[31m     ΓåÆ Property failed after 5 tests
{ seed: -1943452567, path: "4", endOnFailure: true }
Counterexample: [{"id":"djvu-to-pdf","slug":"djvu-to-pdf","icon":"scan","category":"convert-to-pdf","acceptedFormats":[".djvu",".djv"],"outputFormat":"pdf","maxFileSize":Number.POSITIVE_INFINITY,"maxFiles":1,"features":["preserve-formatting","dpi-setting","quality-setting"],"relatedTools":["image-to-pdf","scan-to-pdf","ocr-pdf"]}]
Shrunk 0 time(s)
Got AssertionError: expected [ Array(100) ] to include 'scan-to-pdf'
    at Proxy.<anonymous> (file:///C:/Users/Hussein/OneDrive/Desktop/pdfcraft-main/node_modules/@vitest/expect/dist/index.js:1196:17)
    at Proxy.<anonymous> (file:///C:/Users/Hussein/OneDrive/Desktop/pdfcraft-main/node_modules/@vitest/expect/dist/index.js:972:17)
    at Proxy.methodWrapper (file:///C:/Users/Hussein/OneDrive/Desktop/pdfcraft-main/node_modules/chai/index.js:1686:25)
    at C:\Users\Hussein\OneDrive\Desktop\pdfcraft-main\src\__tests__\properties\tools.property.test.ts:125:34
    at Property.predicate (file:///C:/Users/Hussein/OneDrive/Desktop/pdfcraft-main/node_modules/fast-check/lib/esm/check/property/Property.js:14:54)
    at Property.run (file:///C:/Users/Hussein/OneDrive/Desktop/pdfcraft-main/node_modules/fast-check/lib/esm/check/property/Property.generic.js:46:33)
    at runIt (file:///C:/Users/Hussein/OneDrive/Desktop/pdfcraft-main/node_modules/fast-check/lib/esm/check/runner/Runner.js:18:30)
    at check (file:///C:/Users/Hussein/OneDrive/Desktop/pdfcraft-main/node_modules/fast-check/lib/esm/check/runner/Runner.js:62:11)
    at Proxy.assert (file:///C:/Users/Hussein/OneDrive/Desktop/pdfcraft-main/node_modules/fast-check/lib/esm/check/runner/Runner.js:65:17)
    at C:\Users\Hussein\OneDrive\Desktop\pdfcraft-main\src\__tests__\properties\tools.property.test.ts:119:10

Hint: Enable verbose mode in order to have the list of all failing values encountered during the run[39m
   [33m[2mΓ£ô[22m[39m Tool Configuration Property Tests[2m > [22mProperty 11: Search Result Relevance[2m > [22msearch results only include tools with fuzzy matches [33m401[2mms[22m[39m
[31m   [31m├ù[31m Tool Configuration Property Tests[2m > [22mTool Configuration Integrity[2m > [22mgetAllTools returns all 67 tools[90m 4[2mms[22m[31m[39m
[31m     ΓåÆ expected 100 to be 67 // Object.is equality[39m

node.exe : [31mΓÄ»ΓÄ
»ΓÄ»ΓÄ»ΓÄ»ΓÄ»ΓÄ»[1m
[7m Failed Tests 2 [
27m[22mΓÄ»ΓÄ»ΓÄ»ΓÄ»Γ
Ä»ΓÄ»ΓÄ»[39m
At line:1 char:1
+ & "C:\Program Files
\nodejs/node.exe" "C:
\Users\Hussein\AppDat
a\Roamin ...
+ ~~~~~~~~~~~~~~~~~~~
~~~~~~~~~~~~~~~~~~~~~
~~~~~~~~~~~~~~~~~~~~~
~~~~~~~~
    + CategoryInfo   
           : NotSpe  
  cified: ([31mΓÄ   
 »ΓÄ»ΓÄ»Γ...»ΓÄ»Γ    
Ä»ΓÄ»[39m:Strin    
g) [], RemoteExc    
eption
    + FullyQualified 
   ErrorId : Native  
  CommandError
 

[31m[1m[7m FAIL 
[27m[22m[39m src/_
_tests__/properties/t
ools.property.test.ts
[2m > [22mTool 
Configuration 
Property Tests[2m > 
[22mProperty 12: 
Related Tools 
Definition[2m > 
[22mall related 
tool IDs reference 
existing tools
[31m[1mError[22m: 
Property failed 
after 5 tests
{ seed: -1943452567, 
path: "4", 
endOnFailure: true }
Counterexample: [{"id
":"djvu-to-pdf","slug
":"djvu-to-pdf","icon
":"scan","category":"
convert-to-pdf","acce
ptedFormats":[".djvu"
,".djv"],"outputForma
t":"pdf","maxFileSize
":Number.POSITIVE_INF
INITY,"maxFiles":1,"f
eatures":["preserve-f
ormatting","dpi-setti
ng","quality-setting"
],"relatedTools":["im
age-to-pdf","scan-to-
pdf","ocr-pdf"]}]
Shrunk 0 time(s)
Got AssertionError: 
expected [ 
Array(100) ] to 
include 'scan-to-pdf'
    at 
Proxy.<anonymous> (fi
le:///C:/Users/Hussei
n/OneDrive/Desktop/pd
fcraft-main/node_modu
les/@vitest/expect/di
st/index.js:1196:17)
    at 
Proxy.<anonymous> (fi
le:///C:/Users/Hussei
n/OneDrive/Desktop/pd
fcraft-main/node_modu
les/@vitest/expect/di
st/index.js:972:17)
    at 
Proxy.methodWrapper (
file:///C:/Users/Huss
ein/OneDrive/Desktop/
pdfcraft-main/node_mo
dules/chai/index.js:1
686:25)
    at C:\Users\Husse
in\OneDrive\Desktop\p
dfcraft-main\src\__te
sts__\properties\tool
s.property.test.ts:12
5:34
    at 
Property.predicate (f
ile:///C:/Users/Husse
in/OneDrive/Desktop/p
dfcraft-main/node_mod
ules/fast-check/lib/e
sm/check/property/Pro
perty.js:14:54)
    at Property.run (
file:///C:/Users/Huss
ein/OneDrive/Desktop/
pdfcraft-main/node_mo
dules/fast-check/lib/
esm/check/property/Pr
operty.generic.js:46:
33)
    at runIt (file://
/C:/Users/Hussein/One
Drive/Desktop/pdfcraf
t-main/node_modules/f
ast-check/lib/esm/che
ck/runner/Runner.js:1
8:30)
    at check (file://
/C:/Users/Hussein/One
Drive/Desktop/pdfcraf
t-main/node_modules/f
ast-check/lib/esm/che
ck/runner/Runner.js:6
2:11)
    at Proxy.assert (
file:///C:/Users/Huss
ein/OneDrive/Desktop/
pdfcraft-main/node_mo
dules/fast-check/lib/
esm/check/runner/Runn
er.js:65:17)
    at C:\Users\Husse
in\OneDrive\Desktop\p
dfcraft-main\src\__te
sts__\properties\tool
s.property.test.ts:11
9:10

Hint: Enable verbose 
mode in order to 
have the list of all 
failing values 
encountered during 
the run[39m
[36m [2mΓ¥»[22m sr
c/__tests__/propertie
s/tools.property.test
.ts:[2m125:34[22m[
39m
    [90m123| [39m  
          
[35mfor[39m 
([35mconst[39m 
relatedId 
[35mof[39m tool[33
m.[39mrelatedTools) 
{
    [90m124| [39m  
            [90m// 
Each related tool ID 
must exist in the 
tools list[39m
    [90m125| [39m  
            [34mexpe
ct[39m(allToolIds)[
33m.[39m[34mtoConta
in[39m(relatedId)[3
3m;[39m
    [90m   | [39m  
                     
          [31m^[39m
    [90m126| [39m  
            [34mexpe
ct[39m([34mtoolExis
ts[39m(relatedId))[
33m.[39m[34mtoBe[3
9m([35mtrue[39m)[3
3m;[39m
    [90m127| [39m  
          }
[90m [2mΓ¥»[22m 
Property.predicate no
de_modules/fast-check
/lib/esm/check/proper
ty/Property.js:[2m14
:54[22m[39m
[90m [2mΓ¥»[22m 
Property.run node_mod
ules/fast-check/lib/e
sm/check/property/Pro
perty.generic.js:[2m
46:33[22m[39m
[90m [2mΓ¥»[22m 
runIt node_modules/fa
st-check/lib/esm/chec
k/runner/Runner.js:[
2m18:30[22m[39m
[90m [2mΓ¥»[22m 
check node_modules/fa
st-check/lib/esm/chec
k/runner/Runner.js:[
2m62:11[22m[39m
[90m [2mΓ¥»[22m 
Proxy.assert node_mod
ules/fast-check/lib/e
sm/check/runner/Runne
r.js:[2m65:17[22m[
39m
[90m [2mΓ¥»[22m sr
c/__tests__/propertie
s/tools.property.test
.ts:[2m119:10[22m[
39m
[90m [2mΓ¥»[22m 
buildError node_modul
es/fast-check/lib/esm
/check/runner/utils/R
unDetailsFormatter.js
:[2m126:15[22m[39m
[90m [2mΓ¥»[22m 
throwIfFailed node_mo
dules/fast-check/lib/
esm/check/runner/util
s/RunDetailsFormatter
.js:[2m138:11[22m[
39m
[90m [2mΓ¥»[22m 
reportRunDetails node
_modules/fast-check/l
ib/esm/check/runner/u
tils/RunDetailsFormat
ter.js:[2m151:16[22
m[39m
[90m [2mΓ¥»[22m 
Proxy.assert node_mod
ules/fast-check/lib/e
sm/check/runner/Runne
r.js:[2m69:9[22m[3
9m
[90m [2mΓ¥»[22m sr
c/__tests__/propertie
s/tools.property.test
.ts:[2m119:10[22m[
39m

[31m[2mΓÄ»ΓÄ»ΓÄ»ΓÄ»
ΓÄ»ΓÄ»ΓÄ»ΓÄ»ΓÄ»ΓÄ»ΓÄ»
ΓÄ»ΓÄ»ΓÄ»ΓÄ»ΓÄ»ΓÄ»ΓÄ»
ΓÄ»ΓÄ»ΓÄ»ΓÄ»ΓÄ»ΓÄ»[1/
2]ΓÄ»[22m[39m

[31m[1m[7m FAIL 
[27m[22m[39m src/_
_tests__/properties/t
ools.property.test.ts
[2m > [22mTool 
Configuration 
Property Tests[2m > 
[22mTool 
Configuration 
Integrity[2m > 
[22mgetAllTools 
returns all 67 tools
[31m[1mAssertionErr
or[22m: expected 
100 to be 67 // 
Object.is 
equality[39m

[32m- Expected[39m
[31m+ Received[39m

[32m- 67[39m
[31m+ 100[39m

[36m [2mΓ¥»[22m sr
c/__tests__/propertie
s/tools.property.test
.ts:[2m321:31[22m[
39m
    [90m319| [39m  
  [34mit[39m([32m'
getAllTools returns 
all 67 tools'[39m[3
3m,[39m () 
[33m=>[39m {
    [90m320| [39m  
    [35mconst[39m 
allTools [33m=[39m 
[34mgetAllTools[39m
()[33m;[39m
    [90m321| [39m  
    [34mexpect[39m(
allTools[33m.[39mle
ngth)[33m.[39m[34m
toBe[39m([34m67[39
m)[33m;[39m
    [90m   | [39m  
                     
       [31m^[39m
    [90m322| [39m  
  })[33m;[39m
    [90m323| [39m

[31m[2mΓÄ»ΓÄ»ΓÄ»ΓÄ»
ΓÄ»ΓÄ»ΓÄ»ΓÄ»ΓÄ»ΓÄ»ΓÄ»
ΓÄ»ΓÄ»ΓÄ»ΓÄ»ΓÄ»ΓÄ»ΓÄ»
ΓÄ»ΓÄ»ΓÄ»ΓÄ»ΓÄ»ΓÄ»[2/
2]ΓÄ»[22m[39m

[2m Test Files [22m [1m[31m1 failed[39m[22m[90m (1)[39m
[2m      Tests [22m [1m[31m2 failed[39m[22m[2m | [22m[1m[32m16 passed[39m[22m[90m (18)[39m
[2m   Start at [22m 13:50:25
[2m   Duration [22m 7.05s[2m (transform 177ms, setup 494ms, collect 525ms, tests 1.08s, environment 1.99s, prepare 714ms)[22m

