src/__tests__/properties/tools.property.test.ts(17,3): error TS2305: Module '"@/lib/utils/search"' has no exported member 'fuzzyMatch'.
