src/components/tools/epub-to-pdf/EPUBToPDFTool.tsx(105,15): error TS1005: 'try' expected.
src/components/tools/epub-to-pdf/EPUBToPDFTool.tsx(111,10): error TS1472: 'catch' or 'finally' expected.
src/components/tools/epub-to-pdf/EPUBToPDFTool.tsx(111,21): error TS1005: ';' expected.
src/components/tools/extract-images/ExtractImagesTool.tsx(154,15): error TS1005: 'try' expected.
src/components/tools/extract-images/ExtractImagesTool.tsx(160,10): error TS1472: 'catch' or 'finally' expected.
src/components/tools/extract-images/ExtractImagesTool.tsx(160,49): error TS1005: ';' expected.
src/components/tools/fb2-to-pdf/FB2ToPDFTool.tsx(98,9): error TS1472: 'catch' or 'finally' expected.
